---
source: tests/modeline/mod.rs
expression: stdout
---

