---
source: tests/modeline/mod.rs
expression: stderr
---
Error: error: Invalid modeline: "braile -3 4 4"

The first line should be the string "braille", followed by spaced separated options

Usage: braille [OPTIONS] [MINIMUM] [MAXIMUM] [SIZE]

For more information, try '--help'.


