---
source: src/graph/braille/grid.rs
expression: "format!(\"{:#}\", grid)"
---
[[[false, false], [false, true], [false, false], [true, true]], [[false, false], [false, false], [false, false], [false, false]], [[true, false], [false, false], [false, false], [false, false]], [[true, true], [true, false], [true, false], [false, true]], [[true, false], [false, false], [false, false], [false, false]], [[false, true], [false, false], [false, false], [false, false]], [[false, false], [false, false], [false, false], [false, false]], [[false, true], [false, false], [false, false], [false, false]], [[false, false], [false, true], [false, false], [false, false]], [[false, false], [false, false], [false, false], [false, true]], [[false, true], [true, false], [false, false], [false, false]], [[false, false], [false, false], [false, false], [false, false]], [[false, false], [false, false], [false, false], [false, false]], [[false, false], [false, false], [true, false], [false, false]], [[true, false], [false, false], [false, false], [false, false]], [[false, false], [false, false], [false, false], [false, true]], [[false, false], [false, false], [false, false], [false, false]], [[false, true], [false, false], [false, false], [false, false]], [[true, false], [false, false], [false, false], [false, false]], [[false, false], [false, false], [false, false], [true, false]], [[true, false], [false, false], [false, false], [false, false]], [[false, false], [false, false], [false, false], [false, false]], [[false, false], [false, false], [false, false], [false, false]], [[true, true], [false, false], [false, false], [false, false]], [[false, false], [false, false], [false, false], [true, false]], [[false, false], [false, false], [false, false], [false, false]], [[false, false], [false, false], [false, false], [false, false]], [[false, true], [false, false], [false, false], [false, false]], [[false, true], [false, false], [false, false], [true, false]], [[false, false], [false, true], [false, false], [false, false]], [[false, false], [true, false], [false, false], [false, false]], [[false, false], [false, false], [false, false], [false, false]], [[false, false], [false, false], [false, false], [false, false]], [[false, false], [false, false], [false, false], [false, false]], [[false, false], [false, false], [false, false], [false, false]], [[false, false], [false, false], [false, false], [false, false]], [[false, false], [false, false], [false, false], [false, false]], [[false, false], [false, false], [false, false], [false, false]], [[false, false], [false, false], [false, false], [false, false]], [[false, false], [false, true], [false, false], [false, false]], [[false, false], [false, false], [false, false], [false, false]], [[false, false], [false, false], [false, true], [false, false]], [[false, false], [false, false], [false, true], [false, false]], [[false, false], [false, false], [false, false], [false, false]], [[false, false], [false, false], [false, false], [false, false]], [[false, false], [false, false], [false, false], [false, false]], [[false, false], [false, false], [false, false], [false, false]], [[false, false], [true, false], [false, false], [false, false]], [[false, false], [false, false], [false, false], [false, false]], [[true, false], [true, false], [false, false], [false, true]], [[false, false], [false, false], [false, false], [false, false]], [[false, false], [false, false], [false, false], [false, false]], [[false, false], [false, false], [false, true], [false, false]], [[false, false], [true, false], [false, false], [false, false]], [[false, false], [false, false], [false, false], [false, false]], [[false, false], [false, false], [false, false], [false, false]], [[false, false], [false, false], [false, false], [false, true]], [[false, false], [false, false], [false, false], [false, false]], [[false, false], [false, false], [false, false], [false, false]], [[false, false], [false, false], [false, false], [false, false]], [[false, false], [false, false], [false, false], [false, false]], [[true, false], [false, false], [false, false], [false, false]], [[false, false], [true, false], [false, false], [false, false]], [[false, false], [false, false], [false, false], [false, false]], [[false, false], [false, false], [false, false], [false, false]], [[false, true], [true, false], [false, false], [false, false]], [[false, false], [false, false], [false, false], [false, false]], [[false, false], [false, false], [false, false], [false, false]], [[false, false], [false, false], [false, false], [false, false]], [[false, false], [false, false], [false, false], [false, false]], [[false, false], [false, true], [false, false], [false, false]], [[false, false], [false, false], [false, false], [false, false]], [[false, false], [false, false], [false, false], [false, false]], [[false, false], [false, false], [false, false], [true, false]], [[false, false], [false, false], [false, false], [true, true]], [[false, false], [false, false], [false, false], [false, false]], [[true, false], [false, false], [false, false], [false, false]], [[false, false], [false, false], [false, false], [false, false]], [[false, false], [false, false], [false, false], [false, false]], [[false, false], [false, true], [false, false], [false, false]], [[false, false], [false, false], [false, false], [false, false]], [[false, false], [false, false], [false, false], [false, true]], [[false, false], [false, false], [false, false], [false, false]], [[false, false], [false, false], [false, false], [false, false]], [[false, false], [false, false], [true, false], [false, false]], [[false, false], [false, false], [false, false], [false, false]], [[false, false], [false, false], [false, false], [false, true]], [[false, false], [false, false], [false, false], [false, false]], [[false, false], [false, false], [false, false], [false, false]], [[false, false], [false, false], [false, false], [false, false]], [[false, false], [false, false], [false, false], [false, false]], [[false, false], [false, false], [false, false], [false, false]], [[false, false], [false, false], [false, false], [false, false]], [[false, false], [false, false], [false, false], [false, false]], [[false, false], [false, false], [false, false], [false, false]], [[false, false], [false, false], [false, false], [false, false]], [[false, false], [false, false], [false, false], [false, false]], [[false, false], [true, false], [false, true], [false, false]], [[false, false], [false, false], [false, false], [false, false]], [[false, true], [false, false], [false, false], [false, false]], [[false, false], [false, false], [false, false], [true, false]], [[false, false], [false, true], [false, false], [false, false]], [[false, false], [false, false], [false, false], [false, false]], [[false, false], [false, false], [false, false], [false, false]], [[false, false], [false, false], [false, false], [false, false]], [[false, false], [false, false], [false, false], [false, false]], [[false, false], [false, false], [false, false], [false, false]], [[false, false], [false, false], [false, false], [false, false]], [[true, false], [false, false], [false, true], [false, false]], [[false, false], [false, false], [false, false], [false, false]], [[false, false], [false, false], [false, true], [false, false]], [[false, false], [true, false], [false, false], [false, false]], [[true, false], [false, false], [false, false], [true, false]], [[false, false], [false, false], [false, false], [false, false]], [[false, false], [false, false], [false, false], [false, false]], [[false, false], [true, false], [false, false], [false, false]], [[false, false], [false, false], [false, false], [false, false]], [[false, false], [false, false], [false, false], [false, false]], [[false, false], [false, false], [false, false], [false, false]], [[false, false], [false, false], [false, false], [false, false]], [[false, false], [false, false], [false, false], [false, false]], [[false, false], [false, false], [false, false], [false, false]], [[false, false], [false, false], [false, false], [false, false]], [[false, true], [false, false], [true, false], [false, false]], [[false, false], [false, false], [false, false], [false, false]], [[false, false], [false, false], [false, false], [false, false]], [[false, false], [false, false], [false, false], [false, false]], [[false, false], [false, false], [false, false], [false, false]], [[false, false], [false, false], [false, false], [false, false]], [[false, false], [false, false], [false, false], [false, false]], [[false, false], [false, false], [false, false], [false, false]], [[false, false], [false, false], [false, false], [false, false]], [[false, false], [false, false], [false, false], [false, false]], [[false, true], [false, false], [false, false], [false, false]], [[false, true], [false, false], [false, false], [false, false]], [[false, false], [false, false], [true, false], [false, false]], [[false, false], [false, false], [false, false], [true, false]], [[false, false], [false, false], [false, false], [false, false]], [[false, false], [false, false], [false, true], [false, true]], [[false, false], [false, false], [false, true], [false, false]], [[false, false], [false, false], [false, false], [false, false]], [[false, false], [true, false], [false, false], [false, false]], [[false, false], [false, false], [false, false], [true, false]], [[false, false], [false, false], [false, false], [false, false]], [[false, false], [false, false], [false, true], [false, false]], [[false, false], [false, false], [false, false], [false, false]], [[false, false], [false, false], [false, false], [false, false]], [[false, false], [false, false], [false, false], [false, false]], [[false, false], [false, false], [false, false], [false, false]], [[true, false], [true, false], [false, false], [false, false]], [[false, false], [false, false], [false, false], [false, false]], [[false, false], [false, false], [false, false], [false, false]], [[false, false], [false, false], [false, false], [false, false]], [[false, false], [false, false], [false, false], [true, false]], [[false, false], [false, false], [false, false], [false, false]], [[false, false], [false, false], [false, false], [false, false]], [[false, false], [false, false], [false, false], [false, false]], [[false, false], [false, false], [false, false], [false, false]], [[true, false], [false, false], [false, false], [false, false]], [[false, false], [false, false], [false, false], [false, false]], [[false, false], [false, false], [false, false], [false, false]], [[false, false], [false, false], [false, false], [false, false]], [[false, false], [false, false], [false, false], [false, true]], [[false, false], [false, false], [false, false], [false, false]], [[true, false], [false, false], [false, false], [false, false]], [[false, false], [false, false], [true, false], [false, false]], [[false, false], [false, false], [true, false], [false, false]], [[false, false], [false, false], [false, false], [false, false]], [[false, false], [false, false], [false, false], [false, false]], [[false, false], [false, false], [false, false], [false, true]], [[false, false], [false, false], [false, false], [true, false]], [[false, false], [false, false], [false, false], [false, false]], [[false, false], [false, false], [false, false], [false, false]], [[false, false], [false, false], [false, true], [false, true]], [[false, false], [false, false], [false, false], [false, true]], [[false, true], [false, false], [false, false], [false, false]], [[false, false], [false, false], [false, false], [false, false]], [[false, false], [false, false], [false, false], [false, false]], [[false, false], [false, false], [false, false], [false, false]], [[false, false], [false, false], [false, false], [false, true]], [[false, false], [false, false], [false, false], [false, false]], [[false, false], [false, false], [false, false], [false, false]], [[false, false], [false, false], [false, false], [false, false]], [[false, false], [false, false], [false, false], [false, true]], [[false, false], [false, false], [false, false], [false, false]], [[false, false], [false, false], [false, false], [false, false]], [[false, false], [false, false], [false, false], [false, false]], [[false, false], [false, false], [false, false], [false, false]], [[false, false], [false, false], [false, false], [false, false]], [[true, false], [false, false], [false, false], [false, false]], [[false, false], [false, false], [false, false], [false, false]], [[false, false], [false, true], [false, false], [false, false]], [[false, false], [false, false], [false, false], [false, false]], [[false, false], [false, false], [false, false], [false, false]], [[false, true], [false, false], [false, false], [false, false]], [[false, false], [false, false], [false, false], [false, false]], [[false, false], [false, false], [false, false], [false, false]], [[false, false], [false, false], [true, false], [false, false]], [[true, false], [false, false], [false, false], [false, false]], [[false, false], [false, false], [false, false], [false, false]], [[true, false], [false, false], [false, false], [true, false]], [[true, false], [false, false], [false, false], [false, false]], [[false, false], [false, false], [false, false], [false, false]], [[false, false], [true, true], [false, false], [false, false]], [[false, false], [false, false], [false, false], [false, false]], [[false, false], [false, false], [false, false], [false, false]], [[true, false], [false, false], [false, false], [false, false]], [[false, false], [false, false], [false, true], [false, false]], [[false, false], [false, false], [false, true], [false, false]], [[false, false], [false, false], [false, false], [false, false]], [[false, false], [false, false], [false, false], [false, false]], [[false, false], [false, false], [false, false], [false, false]], [[false, false], [false, false], [false, false], [false, false]], [[false, false], [false, false], [false, false], [false, false]], [[false, false], [false, false], [false, false], [false, false]], [[false, false], [false, false], [false, false], [false, true]], [[false, false], [false, false], [false, false], [false, false]], [[false, false], [true, false], [false, false], [false, false]], [[false, false], [false, false], [false, true], [false, false]], [[false, false], [false, false], [false, false], [false, false]], [[false, true], [false, false], [false, false], [false, false]], [[false, false], [false, false], [false, false], [false, false]], [[true, false], [false, false], [false, true], [false, false]], [[true, false], [false, false], [false, false], [false, false]], [[false, false], [false, false], [false, false], [false, false]], [[false, false], [false, false], [true, true], [false, false]], [[false, true], [false, false], [false, false], [false, true]], [[false, false], [false, false], [false, false], [false, false]], [[false, false], [true, false], [false, false], [false, false]], [[false, false], [false, false], [false, false], [false, false]], [[false, false], [false, false], [false, false], [false, false]], [[false, false], [false, false], [false, false], [false, false]], [[false, false], [false, false], [false, false], [false, false]], [[true, false], [false, false], [false, false], [false, false]], [[false, false], [false, false], [false, false], [false, false]], [[false, false], [false, false], [true, false], [false, false]], [[false, false], [false, false], [false, true], [false, false]], [[false, false], [false, false], [false, false], [false, false]], [[false, false], [false, false], [false, false], [true, false]], [[false, false], [false, false], [false, false], [true, false]], [[false, false], [false, false], [false, false], [false, false]], [[false, false], [false, true], [false, false], [false, false]], [[false, false], [false, false], [false, true], [false, false]], [[false, true], [false, true], [false, false], [false, false]], [[false, false], [false, false], [false, false], [false, false]], [[false, false], [false, false], [false, false], [true, true]], [[false, false], [true, false], [true, false], [false, false]], [[false, false], [false, false], [false, false], [false, false]], [[true, false], [true, true], [false, false], [false, false]], [[false, false], [false, false], [true, false], [false, false]], [[false, false], [false, false], [false, false], [false, false]], [[false, false], [true, false], [false, false], [false, true]], [[false, false], [true, true], [false, true], [false, false]], [[false, false], [false, false], [false, false], [false, false]], [[false, false], [false, false], [false, true], [true, false]], [[false, false], [false, false], [false, false], [true, true]], [[false, false], [true, false], [false, false], [false, false]], [[false, false], [false, false], [false, false], [false, true]], [[false, false], [false, false], [true, true], [false, false]], [[true, false], [false, true], [false, false], [false, false]]]

