---
source: tests/integration.rs
expression: stderr
---

