---
source: tests/integration.rs
expression: stderr
---
Error: Failed to parse "hello": invalid float literal

