---
source: src/lib.rs
expression: actual_img
---
⠀⠀⡠⠊
⡠⠊⠀⠀

