---
source: src/grid.rs
expression: actual_img
---
⠀⠀⡠⠊
⡠⠊⠀⠀

