---
source: src/grid.rs
expression: "Framebuffer::new(&expected, 26 * 2, 10 * 4).to_string()"
---
⠀⡈⡔⠉⠄⠀⠀⠐⠁⠀⠀⠠⠉⠑⣑⠊⠡⠀⠀⠀⠌⡀⠀⠀⠀⠀
⠀⠠⠀⠀⠈⠀⠀⡀⠈⠀⠠⠁⠀⠈⡠⡀⠀⢁⠀⠀⠀⠀⠀⠀⠀⠀
⠠⠄⠈⠀⠀⠁⠀⠀⠀⡀⠂⠀⠀⣀⠀⠂⠀⠀⡀⠈⠀⠠⠀⠀⠀⠀
⢂⠀⠀⠀⠀⠈⢀⠀⠀⠐⠀⠀⠀⡀⠀⢈⠀⠀⠀⠀⠀⠀⠀⠀⠀⠄
⡐⠀⠀⠂⠀⠀⠂⠀⠀⠂⠀⠀⠀⠀⠀⠀⠁⠀⠈⠂⠀⠀⠀⠀⠠⠀
⠀⠂⠀⠀⠀⠀⠠⠀⠐⠐⠀⠀⠘⠀⠀⠀⠈⡀⠀⠂⠀⠀⠁⠀⠄⠆
⠀⠐⠀⠠⠀⠀⠂⠄⠁⠀⠀⠀⠂⠀⠀⠀⠂⢀⠠⠠⠀⠀⠀⠠⠠⠀
⠀⠀⠂⠀⠀⠀⠀⣈⠀⠀⠄⠐⠄⠀⠀⠀⠀⠀⡀⠀⠄⠀⠐⠄⢄⠀
⠀⠀⠈⡀⠄⠐⠠⠀⠄⠀⠀⠂⠀⠀⠀⠀⠐⠀⠤⠀⠠⠀⡐⠠⠀⠀
⠀⠀⠀⠐⢄⡤⠁⠀⠐⣀⠜⡐⠀⠀⠀⠀⠀⢄⠀⠡⣀⠶⡠⢃⠂⠀

